[baseline-browser-mapping] The data in this module is over two months old.  To ensure accurate Baseline data, please update: `npm i baseline-browser-mapping@latest -D`
[2m17:04:35[22m [34m[@astrojs/cloudflare][39m Enabling sessions with Cloudflare KV with the "SESSION" KV binding.
[2m17:04:35[22m [34m[@astrojs/cloudflare][39m If you see the error "Invalid binding `SESSION`" in your build output, you need to add the binding to your wrangler config file.
[33m[1m17:04:35[22m [WARN] [adapter][39m Cloudflare does not support sharp at runtime. However, you can configure `imageService: "compile"` to optimize images with sharp on prerendered pages during build time.
[2m17:04:36[22m [34m[content][39m Syncing content
[2m17:04:37[22m [34m[content][39m Synced content
[2m17:04:37[22m [34m[types][39m Generated [2m2.14s[22m
[2m17:04:37[22m [34m[build][39m output: [34m"server"[39m
[2m17:04:37[22m [34m[build][39m mode: [34m"server"[39m
[2m17:04:37[22m [34m[build][39m directory: [34mE:\scripts-python\worldexams\saberparatodos\dist\[39m
[2m17:04:37[22m [34m[build][39m adapter: [32m@astrojs/cloudflare[39m
[2m17:04:37[22m [34m[build][39m Collecting build info...
[2m17:04:37[22m [34m[build][39m [32mÔ£ô Completed in 2.25s.[39m
[2m17:04:37[22m [34m[build][39m Building server entrypoints...
[33m[1m17:04:38[22m [WARN] [vite][39m [33m[plugin vite:resolve] Automatically externalized node built-in module "node:async_hooks" imported from "node_modules\svelte\src\internal\server\render-context.js". Consider adding it to environments.ssr.external if it is intended.[39m
17:04:39 [ERROR] [vite] Ô£ù Build failed in 1.58s
Unterminated string literal
  Location:
    E:/scripts-python/worldexams/saberparatodos/src/pages/api/report_problem.ts:135:0
  Stack trace:
    at failureErrorWithLog (E:\scripts-python\worldexams\saberparatodos\node_modules\esbuild\lib\main.js:1467:15)
    at responseCallbacks.<computed> (E:\scripts-python\worldexams\saberparatodos\node_modules\esbuild\lib\main.js:603:9)
    at Socket.readFromStdout (E:\scripts-python\worldexams\saberparatodos\node_modules\esbuild\lib\main.js:581:7)
    at Socket.emit (node:domain:489:12)
    at readableAddChunkPushByteMode (node:internal/streams/readable:512:3)
