
> saberparatodos@0.2.4 prebuild
> node scripts/generate-build-info.js && node scripts/generate-weekly-packs.js

Ô£à Generated public/build-info.json
ÔÜá´©Å generate-weekly-packs.js is missing logic. Skipping pack generation.
Ô£à Generated dummy public/api/packs/current.json

> saberparatodos@0.2.4 build
> astro build

[baseline-browser-mapping] The data in this module is over two months old.  To ensure accurate Baseline data, please update: `npm i baseline-browser-mapping@latest -D`
[2m01:11:46[22m [34m[@astrojs/cloudflare][39m Enabling sessions with Cloudflare KV with the "SESSION" KV binding.
[2m01:11:46[22m [34m[@astrojs/cloudflare][39m If you see the error "Invalid binding `SESSION`" in your build output, you need to add the binding to your wrangler config file.
[33m[1m01:11:46[22m [WARN] [adapter][39m Cloudflare does not support sharp at runtime. However, you can configure `imageService: "compile"` to optimize images with sharp on prerendered pages during build time.
[2m01:11:47[22m [34m[content][39m Syncing content
[2m01:11:48[22m [34m[content][39m Synced content
[2m01:11:48[22m [34m[types][39m Generated [2m1.44s[22m
[2m01:11:48[22m [34m[build][39m output: [34m"server"[39m
[2m01:11:48[22m [34m[build][39m mode: [34m"server"[39m
[2m01:11:48[22m [34m[build][39m directory: [34mE:\scripts-python\worldexams\saberparatodos\dist\[39m
[2m01:11:48[22m [34m[build][39m adapter: [32m@astrojs/cloudflare[39m
[2m01:11:48[22m [34m[build][39m Collecting build info...
[2m01:11:48[22m [34m[build][39m [32mÔ£ô Completed in 1.52s.[39m
[2m01:11:48[22m [34m[build][39m Building server entrypoints...
[33m[1m01:11:48[22m [WARN] [vite][39m [33m[plugin vite:resolve] Automatically externalized node built-in module "node:async_hooks" imported from "node_modules\svelte\src\internal\server\render-context.js". Consider adding it to environments.ssr.external if it is intended.[39m
[33m[1m01:11:49[22m [WARN] [vite][39m [33m[plugin vite:resolve] Automatically externalized node built-in module "node:crypto" imported from "src\utils\rotation-logic.ts". Consider adding it to environments.ssr.external if it is intended.[39m
01:11:49 [ERROR] [vite] Ô£ù Build failed in 1.64s
[33m[1m01:11:49[22m [WARN] [router][39m getStaticPaths() ignored in dynamic page [1m/src/pages/informes/bot/[token].astro[22m. Add `export const prerender = true;` to prerender the page as static HTML during the build process.
Expected "in" but found "features"
  Location:
    E:/scripts-python/worldexams/saberparatodos/src/pages/instituciones.astro:56:77
  Stack trace:
    at failureErrorWithLog (E:\scripts-python\worldexams\saberparatodos\node_modules\esbuild\lib\main.js:1467:15)
    at responseCallbacks.<computed> (E:\scripts-python\worldexams\saberparatodos\node_modules\esbuild\lib\main.js:603:9)
    at Socket.readFromStdout (E:\scripts-python\worldexams\saberparatodos\node_modules\esbuild\lib\main.js:581:7)
    at Socket.emit (node:domain:489:12)
    at readableAddChunkPushByteMode (node:internal/streams/readable:512:3)
